// Jest Snapshot v1, https://goo.gl/fbAQLP

exports[`reduxConnect HOC - HOC renders with no problem 1`] = `
<div
  className="redux-connect"
>
  reduxConnect
</div>
`;
