// Jest Snapshot v1, https://goo.gl/fbAQLP

exports[`cleanOnUnmount HOC - HOC renders with no problem 1`] = `
<div
  className="clean-on-unmount"
>
  cleanOnUnmount
</div>
`;
